// Jest Snapshot v1, https://goo.gl/fbAQLP

exports[`TagsInput Component cria o snapshot do component 1`] = `
<DocumentFragment>
  <div
    class="MuiGrid-root MuiGrid-container MuiGrid-justify-xs-flex-end"
    style="margin-bottom: 20px;"
  >
    <div
      class="MuiGrid-root MuiGrid-item"
    >
      <button
        class="MuiButtonBase-root MuiButton-root MuiButton-contained MuiButton-containedPrimary MuiButton-sizeSmall"
        tabindex="0"
        type="button"
      >
        <span
          class="MuiButton-label"
        >
          SUBMIT
        </span>
        <span
          class="MuiTouchRipple-root"
        />
      </button>
    </div>
  </div>
  <div
    class="MuiGrid-root MuiGrid-container MuiGrid-justify-xs-center"
  >
    <div
      class="MuiGrid-root MuiGrid-item"
    >
      <div
        class="MuiFormControl-root MuiTextField-root MuiFormControl-marginDense MuiFormControl-fullWidth"
      >
        <label
          class="MuiFormLabel-root MuiInputLabel-root MuiInputLabel-formControl MuiInputLabel-animated MuiInputLabel-shrink MuiInputLabel-marginDense MuiInputLabel-outlined"
          data-shrink="true"
          for="tags"
        >
          tags
        </label>
        <div
          class="MuiInputBase-root MuiOutlinedInput-root MuiInputBase-fullWidth MuiInputBase-formControl MuiInputBase-adornedStart MuiOutlinedInput-adornedStart MuiInputBase-marginDense MuiOutlinedInput-marginDense"
        >
          <fieldset
            aria-hidden="true"
            class="PrivateNotchedOutline-root-2 MuiOutlinedInput-notchedOutline"
            style="padding-left: 8px;"
          >
            <legend
              class="PrivateNotchedOutline-legend-3"
              style="width: 0px;"
            >
              <span>
                â€‹
              </span>
            </legend>
          </fieldset>
          <div
            class="MuiInputAdornment-root MuiInputAdornment-positionStart MuiInputAdornment-marginDense"
          >
            <p
              class="MuiTypography-root MuiTypography-body1 MuiTypography-colorTextSecondary"
            >
              To:
            </p>
          </div>
          <input
            aria-invalid="false"
            class="MuiInputBase-input MuiOutlinedInput-input MuiInputBase-inputAdornedStart MuiOutlinedInput-inputAdornedStart MuiInputBase-inputMarginDense MuiOutlinedInput-inputMarginDense"
            data-testid="tags"
            id="tags"
            name="tags"
            placeholder="add tags"
            type="text"
            value=""
          />
        </div>
      </div>
      <div
        class="MuiBox-root MuiBox-root-4 makeStyles-tagsWrapper-1"
      />
    </div>
  </div>
</DocumentFragment>
`;
